// Jest Snapshot v1, https://goo.gl/fbAQLP

exports[`renders correctly 1`] = `
<DocumentFragment>
  <header
    class="App-header darker-back"
  >
    <img
      alt="My_movies"
      class="app-logo details-poster"
      src="https://cdn.collider.com/wp-content/uploads/2020/03/black-widow-poster.jpg"
    />
    <button
      class="close-modal-btn btn btn-primary"
      title="close panel"
      type="button"
    >
      âœ•
    </button>
    <h4
      class="details-title"
    >
      BLACK WIDOW
    </h4>
    <p
      class="color-sienna"
    >
      ACTION
    </p>
    <p
      class="detail-stats"
    >
      <span>
        YEAR: 2020
      </span>
      <span>
        RUNTIME 120 min.
      </span>
      <span>
        RATING: 4.2/5
      </span>
    </p>
    <p
      class="details-overview"
    >
      Lorem ipsum dolor sit amet, consectetur adipiscing elit. Lorem ipsum dolor sit amet, consectetur adipiscing elit
    </p>
    <div
      class="posters-panel"
    />
  </header>
</DocumentFragment>
`;
